[2026-09-14T23:24:47.8381493+09:00] schedule: wsl-docker#r1 -> wsl-wip#r1 -> windows-docker#r1 -> windows-wip#r1
[2026-09-14T23:24:47.8513889+09:00] === wsl-docker round=1 warmup=False order=0 ===
[2026-09-14T23:24:47.8529564+09:00] stopping both backends to reach baseline state
[2026-09-14T23:25:34.8157785+09:00] sampling baseline for 15 s
[2026-09-14T23:25:50.8782328+09:00] starting infra (docker)
[2026-09-14T23:26:06.0849590+09:00] sampling infra-idle for 15 s
[2026-09-14T23:26:22.1684467+09:00] starting app
[2026-09-14T23:26:23.6060862+09:00] sampling app-idle (no load) for 15 s
[2026-09-14T23:26:39.6189162+09:00] running load for 30 s at concurrency 20
[2026-09-14T23:27:10.5660398+09:00] stopping app
[2026-09-14T23:27:11.1389616+09:00] row written: config=wsl-docker round=1 warmup=False
[2026-09-14T23:27:11.1475165+09:00] === wsl-wip round=1 warmup=False order=1 ===
[2026-09-14T23:27:11.1582623+09:00] stopping both backends to reach baseline state
[2026-09-14T23:27:58.3440656+09:00] sampling baseline for 15 s
[2026-09-14T23:28:14.5411342+09:00] starting infra (wip)
[2026-09-14T23:28:19.3937590+09:00] sampling infra-idle for 15 s
[2026-09-14T23:28:35.4202250+09:00] starting app
[2026-09-14T23:28:38.9171873+09:00] sampling app-idle (no load) for 15 s
[2026-09-14T23:28:54.9337939+09:00] running load for 30 s at concurrency 20
[2026-09-14T23:29:29.2777354+09:00] stopping app
[2026-09-14T23:29:32.0332733+09:00] row written: config=wsl-wip round=1 warmup=False
[2026-09-14T23:29:32.0387836+09:00] === windows-docker round=1 warmup=False order=2 ===
[2026-09-14T23:29:32.0387836+09:00] stopping both backends to reach baseline state
[2026-09-14T23:29:34.1272656+09:00] sampling baseline for 15 s
[2026-09-14T23:29:50.1551323+09:00] starting infra (docker)
[2026-09-14T23:30:03.2377189+09:00] sampling infra-idle for 15 s
[2026-09-14T23:30:19.3019092+09:00] starting app
[2026-09-14T23:31:21.9529767+09:00] stopping app
[2026-09-14T23:31:22.3784996+09:00] row written: config=windows-docker round=1 warmup=False
[2026-09-14T23:31:22.3832419+09:00] === windows-wip round=1 warmup=False order=3 ===
[2026-09-14T23:31:22.3859172+09:00] stopping both backends to reach baseline state
[2026-09-14T23:32:09.2872870+09:00] sampling baseline for 15 s
[2026-09-14T23:32:25.3084821+09:00] starting infra (wip)
[2026-09-14T23:32:30.1359260+09:00] sampling infra-idle for 15 s
[2026-09-14T23:32:46.1715693+09:00] starting app
[2026-09-14T23:32:46.9585871+09:00] sampling app-idle (no load) for 15 s
[2026-09-14T23:33:02.9839562+09:00] running load for 30 s at concurrency 20
[2026-09-14T23:33:37.1367732+09:00] stopping app
[2026-09-14T23:33:37.3919570+09:00] row written: config=windows-wip round=1 warmup=False
[2026-09-14T23:33:37.3978050+09:00] stopping both backends after run
[2026-09-14T23:33:39.4319618+09:00] done
